// Jest Snapshot v1, https://goo.gl/fbAQLP

exports[`matches snapshot 1`] = `
<div
  data-testid="todo-1"
>
  <h3>
    2-)Hacer la compra---10:20AM
  </h3>
</div>
`;
